Assembler report for somador_N_bits
Sat May 30 14:11:02 2026
Quartus Prime Version 24.1std.0 Build 1077 03/04/2025 SC Lite Edition


---------------------
; Table of Contents ;
---------------------
  1. Legal Notice
  2. Assembler Summary
  3. Assembler Settings
  4. Assembler Generated Files
  5. Assembler Device Options: C:/Users/rafae/OneDrive/Desktop/Projetos_Quartus/somador_N_bits/output_files/somador_N_bits.sof
  6. Assembler Messages



----------------
; Legal Notice ;
----------------
Copyright (C) 2025  Altera Corporation. All rights reserved.
Your use of Altera Corporation's design tools, logic functions 
and other software and tools, and any partner logic 
functions, and any output files from any of the foregoing 
(including device programming or simulation files), and any 
associated documentation or information are expressly subject 
to the terms and conditions of the Altera Program License 
Subscription Agreement, the Altera Quartus Prime License Agreement,
the Altera IP License Agreement, or other applicable license
agreement, including, without limitation, that your use is for
the sole purpose of programming logic devices manufactured by
Altera and sold by Altera or its authorized distributors.  Please
refer to the Altera Software License Subscription Agreements 
on the Quartus Prime software download page.



+---------------------------------------------------------------+
; Assembler Summary                                             ;
+-----------------------+---------------------------------------+
; Assembler Status      ; Successful - Sat May 30 14:11:02 2026 ;
; Revision Name         ; somador_N_bits                        ;
; Top-level Entity Name ; somador_N_bits                        ;
; Family                ; MAX 10                                ;
; Device                ; 10M08DAF484C8G                        ;
+-----------------------+---------------------------------------+


+---------------------------------------------------------------------------------------------------------------+
; Assembler Settings                                                                                            ;
+-----------------------------------------------------------------------------+----------------+----------------+
; Option                                                                      ; Setting        ; Default Value  ;
+-----------------------------------------------------------------------------+----------------+----------------+
; Use smart compilation                                                       ; Off            ; Off            ;
; Enable parallel Assembler and Timing Analyzer during compilation            ; On             ; On             ;
; Enable compact report table                                                 ; Off            ; Off            ;
; Generate compressed bitstreams                                              ; On             ; On             ;
; Compression mode                                                            ; Off            ; Off            ;
; Clock source for configuration device                                       ; Internal       ; Internal       ;
; Clock frequency of the configuration device                                 ; 10 MHZ         ; 10 MHz         ;
; Divide clock frequency by                                                   ; 1              ; 1              ;
; Auto user code                                                              ; On             ; On             ;
; Use configuration device                                                    ; On             ; On             ;
; Configuration device                                                        ; Auto           ; Auto           ;
; Voltage output format                                                       ; Auto discovery ; Auto discovery ;
; Configuration device auto user code                                         ; Off            ; Off            ;
; Generate Tabular Text File (.ttf) For Target Device                         ; Off            ; Off            ;
; Generate Raw Binary File (.rbf) For Target Device                           ; Off            ; Off            ;
; Generate Hexadecimal (Intel-Format) Output File (.hexout) for Target Device ; Off            ; Off            ;
; Hexadecimal Output File start address                                       ; 0              ; 0              ;
; Hexadecimal Output File count direction                                     ; Up             ; Up             ;
; Release clears before tri-states                                            ; Off            ; Off            ;
; Auto-restart configuration after error                                      ; On             ; On             ;
; Enable OCT_DONE                                                             ; On             ; On             ;
; Power On Reset scheme                                                       ; Instant ON     ; Instant ON     ;
; Set IO to weak pull-up prior to usermode                                    ; On             ; On             ;
; Set SPI IO pins to weak pull-up prior to usermode                           ; On             ; On             ;
; Verify protect                                                              ; Off            ; Off            ;
; Generate Serial Vector Format File (.svf) for Target Device                 ; Off            ; Off            ;
; Generate a JEDEC STAPL Format File (.jam) for Target Device                 ; Off            ; Off            ;
; Generate a compressed Jam STAPL Byte Code 2.0 File (.jbc) for Target Device ; Off            ; Off            ;
; Generate a compressed Jam STAPL Byte Code 2.0 File (.jbc) for Target Device ; On             ; On             ;
; In-System Programming Default Clamp State                                   ; Tri-state      ; Tri-state      ;
+-----------------------------------------------------------------------------+----------------+----------------+


+-------------------------------------------------------------------------------------------------+
; Assembler Generated Files                                                                       ;
+-------------------------------------------------------------------------------------------------+
; File Name                                                                                       ;
+-------------------------------------------------------------------------------------------------+
; C:/Users/rafae/OneDrive/Desktop/Projetos_Quartus/somador_N_bits/output_files/somador_N_bits.sof ;
+-------------------------------------------------------------------------------------------------+


+---------------------------------------------------------------------------------------------------------------------------+
; Assembler Device Options: C:/Users/rafae/OneDrive/Desktop/Projetos_Quartus/somador_N_bits/output_files/somador_N_bits.sof ;
+----------------+----------------------------------------------------------------------------------------------------------+
; Option         ; Setting                                                                                                  ;
+----------------+----------------------------------------------------------------------------------------------------------+
; JTAG usercode  ; 0x0007389B                                                                                               ;
; Checksum       ; 0x0007389B                                                                                               ;
+----------------+----------------------------------------------------------------------------------------------------------+


+--------------------+
; Assembler Messages ;
+--------------------+
Info: *******************************************************************
Info: Running Quartus Prime Assembler
    Info: Version 24.1std.0 Build 1077 03/04/2025 SC Lite Edition
    Info: Processing started: Sat May 30 14:11:01 2026
Info: Command: quartus_asm --read_settings_files=on --write_settings_files=off somador_N_bits -c somador_N_bits
Warning (18236): Number of processors has not been specified which may cause overloading on shared machines.  Set the global assignment NUM_PARALLEL_PROCESSORS in your QSF to an appropriate value for best performance.
Info (115031): Writing out detailed assembly data for power analysis
Info (115030): Assembler is generating device programming files
Info: Quartus Prime Assembler was successful. 0 errors, 1 warning
    Info: Peak virtual memory: 4733 megabytes
    Info: Processing ended: Sat May 30 14:11:02 2026
    Info: Elapsed time: 00:00:01
    Info: Total CPU time (on all processors): 00:00:01


